Archive member included to satisfy reference by file (symbol)

c:/intelfpga_lite/18.1/nios2eds/bin/gnu/h-x86_64-mingw32/bin/../lib/gcc/nios2-elf/5.3.0/mno-hw-mul\libgcc.a(lib2-divmod.o)
                              obj/default/project.o (__divsi3)
../project_bsp/\libhal_bsp.a(alt_irq_register.o)
                              obj/default/project.o (alt_irq_register)
../project_bsp/\libhal_bsp.a(alt_irq_vars.o)
                              ../project_bsp/\libhal_bsp.a(alt_irq_register.o) (alt_irq_active)
../project_bsp/\libhal_bsp.a(alt_load.o)
                              ../project_bsp//obj/HAL/src/crt0.o (alt_load)
../project_bsp/\libhal_bsp.a(alt_main.o)
                              ../project_bsp//obj/HAL/src/crt0.o (alt_main)
../project_bsp/\libhal_bsp.a(alt_printf.o)
                              obj/default/project.o (alt_printf)
../project_bsp/\libhal_bsp.a(alt_putchar.o)
                              ../project_bsp/\libhal_bsp.a(alt_printf.o) (alt_putchar)
../project_bsp/\libhal_bsp.a(alt_sys_init.o)
                              ../project_bsp/\libhal_bsp.a(alt_main.o) (alt_irq_init)
../project_bsp/\libhal_bsp.a(altera_avalon_jtag_uart_write.o)
                              ../project_bsp/\libhal_bsp.a(alt_putchar.o) (altera_avalon_jtag_uart_write)
../project_bsp/\libhal_bsp.a(altera_up_avalon_accelerometer_spi.o)
                              obj/default/project.o (alt_up_accelerometer_spi_open_dev)
../project_bsp/\libhal_bsp.a(alt_dcache_flush_all.o)
                              ../project_bsp/\libhal_bsp.a(alt_load.o) (alt_dcache_flush_all)
../project_bsp/\libhal_bsp.a(alt_dev.o)
                              ../project_bsp/\libhal_bsp.a(alt_sys_init.o) (alt_dev_list)
../project_bsp/\libhal_bsp.a(alt_dev_llist_insert.o)
                              ../project_bsp/\libhal_bsp.a(alt_sys_init.o) (alt_dev_llist_insert)
../project_bsp/\libhal_bsp.a(alt_errno.o)
                              ../project_bsp/\libhal_bsp.a(alt_dev_llist_insert.o) (alt_errno)
../project_bsp/\libhal_bsp.a(alt_find_dev.o)
                              ../project_bsp/\libhal_bsp.a(altera_up_avalon_accelerometer_spi.o) (alt_find_dev)
../project_bsp/\libhal_bsp.a(alt_icache_flush_all.o)
                              ../project_bsp/\libhal_bsp.a(alt_load.o) (alt_icache_flush_all)
../project_bsp/\libhal_bsp.a(alt_irq_entry.o)
                              ../project_bsp/\libhal_bsp.a(alt_irq_register.o) (alt_irq_entry)
../project_bsp/\libhal_bsp.a(alt_irq_handler.o)
                              ../project_bsp/\libhal_bsp.a(alt_irq_register.o) (alt_irq_handler)
../project_bsp/\libhal_bsp.a(altera_nios2_gen2_irq.o)
                              ../project_bsp/\libhal_bsp.a(alt_sys_init.o) (altera_nios2_gen2_irq_init)
../project_bsp/\libhal_bsp.a(alt_exception_entry.o)
                              ../project_bsp/\libhal_bsp.a(alt_irq_entry.o) (alt_exception)
../project_bsp/\libhal_bsp.a(alt_instruction_exception_entry.o)
                              ../project_bsp/\libhal_bsp.a(alt_exception_entry.o) (alt_instruction_exception_entry)
c:/intelfpga_lite/18.1/nios2eds/bin/gnu/h-x86_64-mingw32/bin/../lib/gcc/nios2-elf/5.3.0/../../../../../H-x86_64-mingw32/nios2-elf/lib/mno-hw-mul\libsmallc.a(lib_a-int_errno.o)
                              ../project_bsp/\libhal_bsp.a(alt_dev_llist_insert.o) (errno)
c:/intelfpga_lite/18.1/nios2eds/bin/gnu/h-x86_64-mingw32/bin/../lib/gcc/nios2-elf/5.3.0/../../../../../H-x86_64-mingw32/nios2-elf/lib/mno-hw-mul\libsmallc.a(lib_a-memcmp.o)
                              ../project_bsp/\libhal_bsp.a(alt_find_dev.o) (memcmp)
c:/intelfpga_lite/18.1/nios2eds/bin/gnu/h-x86_64-mingw32/bin/../lib/gcc/nios2-elf/5.3.0/../../../../../H-x86_64-mingw32/nios2-elf/lib/mno-hw-mul\libsmallc.a(lib_a-strlen.o)
                              ../project_bsp/\libhal_bsp.a(alt_find_dev.o) (strlen)

Allocating common symbols
Common symbol       size              file

alt_irq             0x100             ../project_bsp/\libhal_bsp.a(alt_irq_handler.o)
errno               0x4               c:/intelfpga_lite/18.1/nios2eds/bin/gnu/h-x86_64-mingw32/bin/../lib/gcc/nios2-elf/5.3.0/../../../../../H-x86_64-mingw32/nios2-elf/lib/mno-hw-mul\libsmallc.a(lib_a-int_errno.o)
led                 0x1               obj/default/project.o
level               0x4               obj/default/project.o

Memory Configuration

Name             Origin             Length             Attributes
reset            0x0000000000010000 0x0000000000000020
onchip_memory    0x0000000000010020 0x000000000000ffe0
*default*        0x0000000000000000 0xffffffffffffffff

Linker script and memory map

LOAD ../project_bsp//obj/HAL/src/crt0.o
LOAD obj/default/project.o
LOAD c:/intelfpga_lite/18.1/nios2eds/bin/gnu/h-x86_64-mingw32/bin/../lib/gcc/nios2-elf/5.3.0/../../../../../H-x86_64-mingw32/nios2-elf/lib/mno-hw-mul\libstdc++.a
LOAD c:/intelfpga_lite/18.1/nios2eds/bin/gnu/h-x86_64-mingw32/bin/../lib/gcc/nios2-elf/5.3.0/../../../../../H-x86_64-mingw32/nios2-elf/lib/mno-hw-mul\libm.a
LOAD c:/intelfpga_lite/18.1/nios2eds/bin/gnu/h-x86_64-mingw32/bin/../lib/gcc/nios2-elf/5.3.0/mno-hw-mul\libgcc.a
START GROUP
LOAD c:/intelfpga_lite/18.1/nios2eds/bin/gnu/h-x86_64-mingw32/bin/../lib/gcc/nios2-elf/5.3.0/../../../../../H-x86_64-mingw32/nios2-elf/lib/mno-hw-mul\libsmallc.a
LOAD c:/intelfpga_lite/18.1/nios2eds/bin/gnu/h-x86_64-mingw32/bin/../lib/gcc/nios2-elf/5.3.0/mno-hw-mul\libgcc.a
LOAD ../project_bsp/\libhal_bsp.a
LOAD c:/intelfpga_lite/18.1/nios2eds/bin/gnu/h-x86_64-mingw32/bin/../lib/gcc/nios2-elf/5.3.0/../../../../../H-x86_64-mingw32/nios2-elf/lib/mno-hw-mul\libm.a
END GROUP
LOAD c:/intelfpga_lite/18.1/nios2eds/bin/gnu/h-x86_64-mingw32/bin/../lib/gcc/nios2-elf/5.3.0/mno-hw-mul\libgcc.a
                0x0000000000010000                __alt_mem_onchip_memory = 0x10000

.entry          0x0000000000010000       0x20
 *(.entry)
 .entry         0x0000000000010000       0x20 ../project_bsp//obj/HAL/src/crt0.o
                0x0000000000010000                __reset
                0x000000000001000c                _exit

.exceptions     0x0000000000010020      0x160
                0x0000000000010020                PROVIDE (__ram_exceptions_start, ABSOLUTE (.))
                0x0000000000010020                . = ALIGN (0x20)
 *(.irq)
 *(.exceptions.entry.label)
 .exceptions.entry.label
                0x0000000000010020        0x0 ../project_bsp/\libhal_bsp.a(alt_irq_entry.o)
                0x0000000000010020                alt_irq_entry
 .exceptions.entry.label
                0x0000000000010020        0x0 ../project_bsp/\libhal_bsp.a(alt_exception_entry.o)
                0x0000000000010020                alt_exception
 *(.exceptions.entry.user)
 *(.exceptions.entry.ecc_fatal)
 *(.exceptions.entry)
 .exceptions.entry
                0x0000000000010020       0x54 ../project_bsp/\libhal_bsp.a(alt_exception_entry.o)
 *(.exceptions.irqtest.user)
 *(.exceptions.irqtest)
 .exceptions.irqtest
                0x0000000000010074       0x10 ../project_bsp/\libhal_bsp.a(alt_irq_entry.o)
 *(.exceptions.irqhandler.user)
 *(.exceptions.irqhandler)
 .exceptions.irqhandler
                0x0000000000010084        0x4 ../project_bsp/\libhal_bsp.a(alt_irq_entry.o)
 *(.exceptions.irqreturn.user)
 *(.exceptions.irqreturn)
 .exceptions.irqreturn
                0x0000000000010088        0x4 ../project_bsp/\libhal_bsp.a(alt_irq_entry.o)
 *(.exceptions.notirq.label)
 .exceptions.notirq.label
                0x000000000001008c        0x0 ../project_bsp/\libhal_bsp.a(alt_irq_entry.o)
 *(.exceptions.notirq.user)
 *(.exceptions.notirq)
 .exceptions.notirq
                0x000000000001008c        0x8 ../project_bsp/\libhal_bsp.a(alt_exception_entry.o)
 *(.exceptions.soft.user)
 *(.exceptions.soft)
 *(.exceptions.unknown.user)
 *(.exceptions.unknown)
 .exceptions.unknown
                0x0000000000010094       0x14 ../project_bsp/\libhal_bsp.a(alt_exception_entry.o)
 *(.exceptions.exit.label)
 .exceptions.exit.label
                0x00000000000100a8        0x0 ../project_bsp/\libhal_bsp.a(alt_irq_entry.o)
 .exceptions.exit.label
                0x00000000000100a8        0x0 ../project_bsp/\libhal_bsp.a(alt_exception_entry.o)
 *(.exceptions.exit.user)
 *(.exceptions.exit)
 .exceptions.exit
                0x00000000000100a8       0x54 ../project_bsp/\libhal_bsp.a(alt_exception_entry.o)
 *(.exceptions)
 .exceptions    0x00000000000100fc       0x60 ../project_bsp/\libhal_bsp.a(alt_irq_handler.o)
                0x00000000000100fc                alt_irq_handler
 .exceptions    0x000000000001015c       0x24 ../project_bsp/\libhal_bsp.a(alt_instruction_exception_entry.o)
                0x000000000001015c                alt_instruction_exception_entry
                0x0000000000010180                PROVIDE (__ram_exceptions_end, ABSOLUTE (.))
                0x0000000000010020                PROVIDE (__flash_exceptions_start, LOADADDR (.exceptions))

.text           0x0000000000010180      0xb1c
                [!provide]                        PROVIDE (stext, ABSOLUTE (.))
 *(.interp)
 *(.hash)
 *(.dynsym)
 *(.dynstr)
 *(.gnu.version)
 *(.gnu.version_d)
 *(.gnu.version_r)
 *(.rel.init)
 *(.rela.init)
 *(.rel.text .rel.text.* .rel.gnu.linkonce.t.*)
 *(.rela.text .rela.text.* .rela.gnu.linkonce.t.*)
 *(.rel.fini)
 *(.rela.fini)
 *(.rel.rodata .rel.rodata.* .rel.gnu.linkonce.r.*)
 *(.rela.rodata .rela.rodata.* .rela.gnu.linkonce.r.*)
 *(.rel.data .rel.data.* .rel.gnu.linkonce.d.*)
 *(.rela.data .rela.data.* .rela.gnu.linkonce.d.*)
 *(.rel.tdata .rel.tdata.* .rel.gnu.linkonce.td.*)
 *(.rela.tdata .rela.tdata.* .rela.gnu.linkonce.td.*)
 *(.rel.tbss .rel.tbss.* .rel.gnu.linkonce.tb.*)
 *(.rela.tbss .rela.tbss.* .rela.gnu.linkonce.tb.*)
 *(.rel.ctors)
 *(.rela.ctors)
 *(.rel.dtors)
 *(.rela.dtors)
 *(.rel.got)
 *(.rela.got)
 *(.rel.sdata .rel.sdata.* .rel.gnu.linkonce.s.*)
 *(.rela.sdata .rela.sdata.* .rela.gnu.linkonce.s.*)
 *(.rel.sbss .rel.sbss.* .rel.gnu.linkonce.sb.*)
 *(.rela.sbss .rela.sbss.* .rela.gnu.linkonce.sb.*)
 *(.rel.sdata2 .rel.sdata2.* .rel.gnu.linkonce.s2.*)
 *(.rela.sdata2 .rela.sdata2.* .rela.gnu.linkonce.s2.*)
 *(.rel.sbss2 .rel.sbss2.* .rel.gnu.linkonce.sb2.*)
 *(.rela.sbss2 .rela.sbss2.* .rela.gnu.linkonce.sb2.*)
 *(.rel.bss .rel.bss.* .rel.gnu.linkonce.b.*)
 *(.rela.bss .rela.bss.* .rela.gnu.linkonce.b.*)
 *(.rel.plt)
 *(.rela.plt)
 *(.rel.dyn)
 *(.init)
 *(.plt)
 *(.text .stub .text.* .gnu.linkonce.t.*)
 .text          0x0000000000010180       0x3c ../project_bsp//obj/HAL/src/crt0.o
                0x0000000000010180                _start
 .text          0x00000000000101bc      0x138 obj/default/project.o
                0x00000000000101bc                sys_timer_isr
                0x000000000001023c                led_write
                0x0000000000010250                convert_read
                0x0000000000010284                timer_init
 .text.startup  0x00000000000102f4      0x120 obj/default/project.o
                0x00000000000102f4                main
 .text          0x0000000000010414      0x1b4 c:/intelfpga_lite/18.1/nios2eds/bin/gnu/h-x86_64-mingw32/bin/../lib/gcc/nios2-elf/5.3.0/mno-hw-mul\libgcc.a(lib2-divmod.o)
                0x0000000000010414                __divsi3
                0x0000000000010498                __modsi3
                0x000000000001050c                __udivsi3
                0x0000000000010570                __umodsi3
 .text          0x00000000000105c8       0x94 ../project_bsp/\libhal_bsp.a(alt_irq_register.o)
                0x00000000000105c8                alt_irq_register
 .text          0x000000000001065c        0x0 ../project_bsp/\libhal_bsp.a(alt_irq_vars.o)
 .text          0x000000000001065c       0xe0 ../project_bsp/\libhal_bsp.a(alt_load.o)
                0x000000000001065c                alt_load
 .text          0x000000000001073c       0x2c ../project_bsp/\libhal_bsp.a(alt_main.o)
                0x000000000001073c                alt_main
 .text          0x0000000000010768      0x170 ../project_bsp/\libhal_bsp.a(alt_printf.o)
                0x0000000000010768                alt_printf
 .text          0x00000000000108d8       0x48 ../project_bsp/\libhal_bsp.a(alt_putchar.o)
                0x00000000000108d8                alt_putchar
 .text          0x0000000000010920       0x30 ../project_bsp/\libhal_bsp.a(alt_sys_init.o)
                0x0000000000010920                alt_irq_init
                0x0000000000010940                alt_sys_init
 .text          0x0000000000010950       0x34 ../project_bsp/\libhal_bsp.a(altera_avalon_jtag_uart_write.o)
                0x0000000000010950                altera_avalon_jtag_uart_write
 .text          0x0000000000010984      0x160 ../project_bsp/\libhal_bsp.a(altera_up_avalon_accelerometer_spi.o)
                0x0000000000010984                alt_up_accelerometer_spi_open_dev
                0x000000000001098c                alt_up_accelerometer_spi_read_address_register
                0x00000000000109a0                alt_up_accelerometer_spi_read
                0x00000000000109c0                alt_up_accelerometer_spi_write
                0x00000000000109dc                alt_up_accelerometer_spi_read_x_axis
                0x0000000000010a34                alt_up_accelerometer_spi_read_y_axis
                0x0000000000010a8c                alt_up_accelerometer_spi_read_z_axis
 .text          0x0000000000010ae4        0x4 ../project_bsp/\libhal_bsp.a(alt_dcache_flush_all.o)
                0x0000000000010ae4                alt_dcache_flush_all
 .text          0x0000000000010ae8        0x8 ../project_bsp/\libhal_bsp.a(alt_dev.o)
 .text          0x0000000000010af0       0x6c ../project_bsp/\libhal_bsp.a(alt_dev_llist_insert.o)
                0x0000000000010af0                alt_dev_llist_insert
 .text          0x0000000000010b5c        0x0 ../project_bsp/\libhal_bsp.a(alt_errno.o)
 .text          0x0000000000010b5c       0x74 ../project_bsp/\libhal_bsp.a(alt_find_dev.o)
                0x0000000000010b5c                alt_find_dev
 .text          0x0000000000010bd0        0x4 ../project_bsp/\libhal_bsp.a(alt_icache_flush_all.o)
                0x0000000000010bd0                alt_icache_flush_all
 .text          0x0000000000010bd4        0x0 ../project_bsp/\libhal_bsp.a(alt_irq_entry.o)
 .text          0x0000000000010bd4        0x0 ../project_bsp/\libhal_bsp.a(alt_irq_handler.o)
 .text          0x0000000000010bd4        0x8 ../project_bsp/\libhal_bsp.a(altera_nios2_gen2_irq.o)
                0x0000000000010bd4                altera_nios2_gen2_irq_init
 .text          0x0000000000010bdc        0x0 ../project_bsp/\libhal_bsp.a(alt_exception_entry.o)
 .text          0x0000000000010bdc       0x74 ../project_bsp/\libhal_bsp.a(alt_instruction_exception_entry.o)
                0x0000000000010bdc                alt_exception_cause_generated_bad_addr
 .text          0x0000000000010c50        0x0 c:/intelfpga_lite/18.1/nios2eds/bin/gnu/h-x86_64-mingw32/bin/../lib/gcc/nios2-elf/5.3.0/../../../../../H-x86_64-mingw32/nios2-elf/lib/mno-hw-mul\libsmallc.a(lib_a-int_errno.o)
 .text          0x0000000000010c50        0x0 c:/intelfpga_lite/18.1/nios2eds/bin/gnu/h-x86_64-mingw32/bin/../lib/gcc/nios2-elf/5.3.0/../../../../../H-x86_64-mingw32/nios2-elf/lib/mno-hw-mul\libsmallc.a(lib_a-memcmp.o)
 .text.memcmp   0x0000000000010c50       0x30 c:/intelfpga_lite/18.1/nios2eds/bin/gnu/h-x86_64-mingw32/bin/../lib/gcc/nios2-elf/5.3.0/../../../../../H-x86_64-mingw32/nios2-elf/lib/mno-hw-mul\libsmallc.a(lib_a-memcmp.o)
                0x0000000000010c50                memcmp
 .text          0x0000000000010c80        0x0 c:/intelfpga_lite/18.1/nios2eds/bin/gnu/h-x86_64-mingw32/bin/../lib/gcc/nios2-elf/5.3.0/../../../../../H-x86_64-mingw32/nios2-elf/lib/mno-hw-mul\libsmallc.a(lib_a-strlen.o)
 .text.strlen   0x0000000000010c80       0x1c c:/intelfpga_lite/18.1/nios2eds/bin/gnu/h-x86_64-mingw32/bin/../lib/gcc/nios2-elf/5.3.0/../../../../../H-x86_64-mingw32/nios2-elf/lib/mno-hw-mul\libsmallc.a(lib_a-strlen.o)
                0x0000000000010c80                strlen
 *(.gnu.warning.*)
 *(.fini)
                [!provide]                        PROVIDE (__etext, ABSOLUTE (.))
                [!provide]                        PROVIDE (_etext, ABSOLUTE (.))
                [!provide]                        PROVIDE (etext, ABSOLUTE (.))
 *(.eh_frame_hdr)
                0x0000000000010c9c                . = ALIGN (0x4)
                [!provide]                        PROVIDE (__preinit_array_start, ABSOLUTE (.))
 *(.preinit_array)
                [!provide]                        PROVIDE (__preinit_array_end, ABSOLUTE (.))
                [!provide]                        PROVIDE (__init_array_start, ABSOLUTE (.))
 *(.init_array)
                [!provide]                        PROVIDE (__init_array_end, ABSOLUTE (.))
                [!provide]                        PROVIDE (__fini_array_start, ABSOLUTE (.))
 *(.fini_array)
                [!provide]                        PROVIDE (__fini_array_end, ABSOLUTE (.))
 *(.eh_frame)
 *(.gcc_except_table .gcc_except_table.*)
 *(.dynamic)
                [!provide]                        PROVIDE (__CTOR_LIST__, ABSOLUTE (.))
 *(.ctors)
 *(SORT(.ctors.*))
                [!provide]                        PROVIDE (__CTOR_END__, ABSOLUTE (.))
                [!provide]                        PROVIDE (__DTOR_LIST__, ABSOLUTE (.))
 *(.dtors)
 *(SORT(.dtors.*))
                [!provide]                        PROVIDE (__DTOR_END__, ABSOLUTE (.))
 *(.jcr)
                0x0000000000010c9c                . = ALIGN (0x4)

.rodata         0x0000000000010c9c       0x58
                0x0000000000010c9c                PROVIDE (__ram_rodata_start, ABSOLUTE (.))
                0x0000000000010c9c                . = ALIGN (0x4)
 *(.rodata .rodata.* .gnu.linkonce.r.*)
 .rodata.str1.4
                0x0000000000010c9c       0x49 obj/default/project.o
 .rodata.str1.4
                0x0000000000010ce5       0x17 ../project_bsp/\libhal_bsp.a(alt_sys_init.o)
 *fill*         0x0000000000010ce5        0x3 
 .rodata.str1.4
                0x0000000000010ce8        0xc ../project_bsp/\libhal_bsp.a(alt_dev.o)
                                          0xa (size before relaxing)
 *(.rodata1)
                0x0000000000010cf4                . = ALIGN (0x4)
                0x0000000000010cf4                PROVIDE (__ram_rodata_end, ABSOLUTE (.))
                0x0000000000010c9c                PROVIDE (__flash_rodata_start, LOADADDR (.rodata))

.rwdata         0x0000000000010cf4       0xa4 load address 0x0000000000010d98
                0x0000000000010cf4                PROVIDE (__ram_rwdata_start, ABSOLUTE (.))
                0x0000000000010cf4                . = ALIGN (0x4)
 *(.got.plt)
 *(.got)
 *(.data1)
 *(.data .data.* .gnu.linkonce.d.*)
 .data          0x0000000000010cf4        0x0 ../project_bsp//obj/HAL/src/crt0.o
 .data          0x0000000000010cf4        0x0 obj/default/project.o
 .data          0x0000000000010cf4        0x0 c:/intelfpga_lite/18.1/nios2eds/bin/gnu/h-x86_64-mingw32/bin/../lib/gcc/nios2-elf/5.3.0/mno-hw-mul\libgcc.a(lib2-divmod.o)
 .data          0x0000000000010cf4        0x0 ../project_bsp/\libhal_bsp.a(alt_irq_register.o)
 .data          0x0000000000010cf4        0x0 ../project_bsp/\libhal_bsp.a(alt_irq_vars.o)
 .data          0x0000000000010cf4        0x0 ../project_bsp/\libhal_bsp.a(alt_load.o)
 .data          0x0000000000010cf4        0x0 ../project_bsp/\libhal_bsp.a(alt_main.o)
 .data          0x0000000000010cf4        0x0 ../project_bsp/\libhal_bsp.a(alt_printf.o)
 .data          0x0000000000010cf4        0x0 ../project_bsp/\libhal_bsp.a(alt_putchar.o)
 .data          0x0000000000010cf4       0x2c ../project_bsp/\libhal_bsp.a(alt_sys_init.o)
 .data          0x0000000000010d20        0x0 ../project_bsp/\libhal_bsp.a(altera_avalon_jtag_uart_write.o)
 .data          0x0000000000010d20        0x0 ../project_bsp/\libhal_bsp.a(altera_up_avalon_accelerometer_spi.o)
 .data          0x0000000000010d20        0x0 ../project_bsp/\libhal_bsp.a(alt_dcache_flush_all.o)
 .data          0x0000000000010d20       0x58 ../project_bsp/\libhal_bsp.a(alt_dev.o)
                0x0000000000010d20                alt_fd_list
                0x0000000000010d50                alt_dev_null
 .data          0x0000000000010d78        0x0 ../project_bsp/\libhal_bsp.a(alt_dev_llist_insert.o)
 .data          0x0000000000010d78        0x0 ../project_bsp/\libhal_bsp.a(alt_errno.o)
 .data          0x0000000000010d78        0x0 ../project_bsp/\libhal_bsp.a(alt_find_dev.o)
 .data          0x0000000000010d78        0x0 ../project_bsp/\libhal_bsp.a(alt_icache_flush_all.o)
 .data          0x0000000000010d78        0x0 ../project_bsp/\libhal_bsp.a(alt_irq_entry.o)
 .data          0x0000000000010d78        0x0 ../project_bsp/\libhal_bsp.a(alt_irq_handler.o)
 .data          0x0000000000010d78        0x0 ../project_bsp/\libhal_bsp.a(altera_nios2_gen2_irq.o)
 .data          0x0000000000010d78        0x0 ../project_bsp/\libhal_bsp.a(alt_exception_entry.o)
 .data          0x0000000000010d78        0x0 ../project_bsp/\libhal_bsp.a(alt_instruction_exception_entry.o)
 .data          0x0000000000010d78        0x0 c:/intelfpga_lite/18.1/nios2eds/bin/gnu/h-x86_64-mingw32/bin/../lib/gcc/nios2-elf/5.3.0/../../../../../H-x86_64-mingw32/nios2-elf/lib/mno-hw-mul\libsmallc.a(lib_a-int_errno.o)
 .data          0x0000000000010d78        0x0 c:/intelfpga_lite/18.1/nios2eds/bin/gnu/h-x86_64-mingw32/bin/../lib/gcc/nios2-elf/5.3.0/../../../../../H-x86_64-mingw32/nios2-elf/lib/mno-hw-mul\libsmallc.a(lib_a-memcmp.o)
 .data          0x0000000000010d78        0x0 c:/intelfpga_lite/18.1/nios2eds/bin/gnu/h-x86_64-mingw32/bin/../lib/gcc/nios2-elf/5.3.0/../../../../../H-x86_64-mingw32/nios2-elf/lib/mno-hw-mul\libsmallc.a(lib_a-strlen.o)
                0x0000000000018d78                _gp = ABSOLUTE ((. + 0x8000))
                [!provide]                        PROVIDE (gp, _gp)
 *(.rwdata .rwdata.*)
 *(.sdata .sdata.* .gnu.linkonce.s.*)
 .sdata         0x0000000000010d78        0x4 ../project_bsp/\libhal_bsp.a(alt_irq_vars.o)
                0x0000000000010d78                alt_priority_mask
 .sdata         0x0000000000010d7c        0x4 ../project_bsp/\libhal_bsp.a(alt_sys_init.o)
                0x0000000000010d7c                jtag_uart
 .sdata         0x0000000000010d80       0x14 ../project_bsp/\libhal_bsp.a(alt_dev.o)
                0x0000000000010d80                alt_max_fd
                0x0000000000010d84                alt_dev_list
                0x0000000000010d8c                alt_fs_list
 .sdata         0x0000000000010d94        0x4 ../project_bsp/\libhal_bsp.a(alt_errno.o)
                0x0000000000010d94                alt_errno
 *(.sdata2 .sdata2.* .gnu.linkonce.s2.*)
                0x0000000000010d98                . = ALIGN (0x4)
                0x0000000000010d98                _edata = ABSOLUTE (.)
                [!provide]                        PROVIDE (edata, ABSOLUTE (.))
                0x0000000000010d98                PROVIDE (__ram_rwdata_end, ABSOLUTE (.))
                0x0000000000010d98                PROVIDE (__flash_rwdata_start, LOADADDR (.rwdata))

.bss            0x0000000000010e3c      0x124
                0x0000000000010e3c                __bss_start = ABSOLUTE (.)
                [!provide]                        PROVIDE (__sbss_start, ABSOLUTE (.))
                [!provide]                        PROVIDE (___sbss_start, ABSOLUTE (.))
 *(.dynsbss)
 *(.sbss .sbss.* .gnu.linkonce.sb.*)
 .sbss          0x0000000000010e3c        0x1 obj/default/project.o
                0x0000000000010e3c                pwm
 *fill*         0x0000000000010e3d        0x3 
 .sbss          0x0000000000010e40        0x8 obj/default/project.o
                0x0000000000010e40                led
                0x0000000000010e44                level
 .sbss          0x0000000000010e48        0x4 ../project_bsp/\libhal_bsp.a(alt_irq_vars.o)
                0x0000000000010e48                alt_irq_active
 .sbss          0x0000000000010e4c        0xc ../project_bsp/\libhal_bsp.a(alt_main.o)
                0x0000000000010e4c                alt_envp
                0x0000000000010e50                alt_argv
                0x0000000000010e54                alt_argc
 .sbss          0x0000000000010e58        0x4 ../project_bsp/\libhal_bsp.a(alt_instruction_exception_entry.o)
                0x0000000000010e58                alt_instruction_exception_handler
 .sbss          0x0000000000010e5c        0x4 c:/intelfpga_lite/18.1/nios2eds/bin/gnu/h-x86_64-mingw32/bin/../lib/gcc/nios2-elf/5.3.0/../../../../../H-x86_64-mingw32/nios2-elf/lib/mno-hw-mul\libsmallc.a(lib_a-int_errno.o)
                0x0000000000010e5c                errno
 *(.sbss2 .sbss2.* .gnu.linkonce.sb2.*)
 *(.scommon)
                [!provide]                        PROVIDE (__sbss_end, ABSOLUTE (.))
                [!provide]                        PROVIDE (___sbss_end, ABSOLUTE (.))
 *(.dynbss)
 *(.bss .bss.* .gnu.linkonce.b.*)
 .bss           0x0000000000010e60        0x0 ../project_bsp//obj/HAL/src/crt0.o
 .bss           0x0000000000010e60        0x0 obj/default/project.o
 .bss           0x0000000000010e60        0x0 c:/intelfpga_lite/18.1/nios2eds/bin/gnu/h-x86_64-mingw32/bin/../lib/gcc/nios2-elf/5.3.0/mno-hw-mul\libgcc.a(lib2-divmod.o)
 .bss           0x0000000000010e60        0x0 ../project_bsp/\libhal_bsp.a(alt_irq_register.o)
 .bss           0x0000000000010e60        0x0 ../project_bsp/\libhal_bsp.a(alt_irq_vars.o)
 .bss           0x0000000000010e60        0x0 ../project_bsp/\libhal_bsp.a(alt_load.o)
 .bss           0x0000000000010e60        0x0 ../project_bsp/\libhal_bsp.a(alt_main.o)
 .bss           0x0000000000010e60        0x0 ../project_bsp/\libhal_bsp.a(alt_printf.o)
 .bss           0x0000000000010e60        0x0 ../project_bsp/\libhal_bsp.a(alt_putchar.o)
 .bss           0x0000000000010e60        0x0 ../project_bsp/\libhal_bsp.a(alt_sys_init.o)
 .bss           0x0000000000010e60        0x0 ../project_bsp/\libhal_bsp.a(altera_avalon_jtag_uart_write.o)
 .bss           0x0000000000010e60        0x0 ../project_bsp/\libhal_bsp.a(altera_up_avalon_accelerometer_spi.o)
 .bss           0x0000000000010e60        0x0 ../project_bsp/\libhal_bsp.a(alt_dcache_flush_all.o)
 .bss           0x0000000000010e60        0x0 ../project_bsp/\libhal_bsp.a(alt_dev.o)
 .bss           0x0000000000010e60        0x0 ../project_bsp/\libhal_bsp.a(alt_dev_llist_insert.o)
 .bss           0x0000000000010e60        0x0 ../project_bsp/\libhal_bsp.a(alt_errno.o)
 .bss           0x0000000000010e60        0x0 ../project_bsp/\libhal_bsp.a(alt_find_dev.o)
 .bss           0x0000000000010e60        0x0 ../project_bsp/\libhal_bsp.a(alt_icache_flush_all.o)
 .bss           0x0000000000010e60        0x0 ../project_bsp/\libhal_bsp.a(alt_irq_entry.o)
 .bss           0x0000000000010e60        0x0 ../project_bsp/\libhal_bsp.a(alt_irq_handler.o)
 .bss           0x0000000000010e60        0x0 ../project_bsp/\libhal_bsp.a(altera_nios2_gen2_irq.o)
 .bss           0x0000000000010e60        0x0 ../project_bsp/\libhal_bsp.a(alt_exception_entry.o)
 .bss           0x0000000000010e60        0x0 ../project_bsp/\libhal_bsp.a(alt_instruction_exception_entry.o)
 .bss           0x0000000000010e60        0x0 c:/intelfpga_lite/18.1/nios2eds/bin/gnu/h-x86_64-mingw32/bin/../lib/gcc/nios2-elf/5.3.0/../../../../../H-x86_64-mingw32/nios2-elf/lib/mno-hw-mul\libsmallc.a(lib_a-int_errno.o)
 .bss           0x0000000000010e60        0x0 c:/intelfpga_lite/18.1/nios2eds/bin/gnu/h-x86_64-mingw32/bin/../lib/gcc/nios2-elf/5.3.0/../../../../../H-x86_64-mingw32/nios2-elf/lib/mno-hw-mul\libsmallc.a(lib_a-memcmp.o)
 .bss           0x0000000000010e60        0x0 c:/intelfpga_lite/18.1/nios2eds/bin/gnu/h-x86_64-mingw32/bin/../lib/gcc/nios2-elf/5.3.0/../../../../../H-x86_64-mingw32/nios2-elf/lib/mno-hw-mul\libsmallc.a(lib_a-strlen.o)
 *(COMMON)
 COMMON         0x0000000000010e60      0x100 ../project_bsp/\libhal_bsp.a(alt_irq_handler.o)
                0x0000000000010e60                alt_irq
                0x0000000000010f60                . = ALIGN (0x4)
                0x0000000000010f60                __bss_end = ABSOLUTE (.)

.onchip_memory  0x0000000000010f60        0x0
                [!provide]                        PROVIDE (_alt_partition_onchip_memory_start, ABSOLUTE (.))
 *(.onchip_memory .onchip_memory. onchip_memory.*)
                0x0000000000010f60                . = ALIGN (0x4)
                [!provide]                        PROVIDE (_alt_partition_onchip_memory_end, ABSOLUTE (.))
                0x0000000000010f60                _end = ABSOLUTE (.)
                0x0000000000010f60                end = ABSOLUTE (.)
                0x0000000000010f60                __alt_stack_base = ABSOLUTE (.)
                [!provide]                        PROVIDE (_alt_partition_onchip_memory_load_addr, LOADADDR (.onchip_memory))

.stab
 *(.stab)

.stabstr
 *(.stabstr)

.stab.excl
 *(.stab.excl)

.stab.exclstr
 *(.stab.exclstr)

.stab.index
 *(.stab.index)

.stab.indexstr
 *(.stab.indexstr)

.comment        0x0000000000000000       0x23
 *(.comment)
 .comment       0x0000000000000000       0x23 obj/default/project.o
                                         0x24 (size before relaxing)
 .comment       0x0000000000000023       0x24 c:/intelfpga_lite/18.1/nios2eds/bin/gnu/h-x86_64-mingw32/bin/../lib/gcc/nios2-elf/5.3.0/mno-hw-mul\libgcc.a(lib2-divmod.o)
 .comment       0x0000000000000023       0x24 ../project_bsp/\libhal_bsp.a(alt_irq_register.o)
 .comment       0x0000000000000023       0x24 ../project_bsp/\libhal_bsp.a(alt_irq_vars.o)
 .comment       0x0000000000000023       0x24 ../project_bsp/\libhal_bsp.a(alt_load.o)
 .comment       0x0000000000000023       0x24 ../project_bsp/\libhal_bsp.a(alt_main.o)
 .comment       0x0000000000000023       0x24 ../project_bsp/\libhal_bsp.a(alt_printf.o)
 .comment       0x0000000000000023       0x24 ../project_bsp/\libhal_bsp.a(alt_putchar.o)
 .comment       0x0000000000000023       0x24 ../project_bsp/\libhal_bsp.a(alt_sys_init.o)
 .comment       0x0000000000000023       0x24 ../project_bsp/\libhal_bsp.a(altera_avalon_jtag_uart_write.o)
 .comment       0x0000000000000023       0x24 ../project_bsp/\libhal_bsp.a(altera_up_avalon_accelerometer_spi.o)
 .comment       0x0000000000000023       0x24 ../project_bsp/\libhal_bsp.a(alt_dcache_flush_all.o)
 .comment       0x0000000000000023       0x24 ../project_bsp/\libhal_bsp.a(alt_dev.o)
 .comment       0x0000000000000023       0x24 ../project_bsp/\libhal_bsp.a(alt_dev_llist_insert.o)
 .comment       0x0000000000000023       0x24 ../project_bsp/\libhal_bsp.a(alt_errno.o)
 .comment       0x0000000000000023       0x24 ../project_bsp/\libhal_bsp.a(alt_find_dev.o)
 .comment       0x0000000000000023       0x24 ../project_bsp/\libhal_bsp.a(alt_icache_flush_all.o)
 .comment       0x0000000000000023       0x24 ../project_bsp/\libhal_bsp.a(alt_irq_handler.o)
 .comment       0x0000000000000023       0x24 ../project_bsp/\libhal_bsp.a(altera_nios2_gen2_irq.o)
 .comment       0x0000000000000023       0x24 ../project_bsp/\libhal_bsp.a(alt_instruction_exception_entry.o)
 .comment       0x0000000000000023       0x24 c:/intelfpga_lite/18.1/nios2eds/bin/gnu/h-x86_64-mingw32/bin/../lib/gcc/nios2-elf/5.3.0/../../../../../H-x86_64-mingw32/nios2-elf/lib/mno-hw-mul\libsmallc.a(lib_a-int_errno.o)
 .comment       0x0000000000000023       0x24 c:/intelfpga_lite/18.1/nios2eds/bin/gnu/h-x86_64-mingw32/bin/../lib/gcc/nios2-elf/5.3.0/../../../../../H-x86_64-mingw32/nios2-elf/lib/mno-hw-mul\libsmallc.a(lib_a-memcmp.o)
 .comment       0x0000000000000023       0x24 c:/intelfpga_lite/18.1/nios2eds/bin/gnu/h-x86_64-mingw32/bin/../lib/gcc/nios2-elf/5.3.0/../../../../../H-x86_64-mingw32/nios2-elf/lib/mno-hw-mul\libsmallc.a(lib_a-strlen.o)

.debug
 *(.debug)

.line
 *(.line)

.debug_srcinfo
 *(.debug_srcinfo)

.debug_sfnames
 *(.debug_sfnames)

.debug_aranges  0x0000000000000000      0x368
 *(.debug_aranges)
 .debug_aranges
                0x0000000000000000       0x28 ../project_bsp//obj/HAL/src/crt0.o
 .debug_aranges
                0x0000000000000028       0x28 obj/default/project.o
 .debug_aranges
                0x0000000000000050       0x20 c:/intelfpga_lite/18.1/nios2eds/bin/gnu/h-x86_64-mingw32/bin/../lib/gcc/nios2-elf/5.3.0/mno-hw-mul\libgcc.a(lib2-divmod.o)
 .debug_aranges
                0x0000000000000070       0x20 ../project_bsp/\libhal_bsp.a(alt_irq_register.o)
 .debug_aranges
                0x0000000000000090       0x18 ../project_bsp/\libhal_bsp.a(alt_irq_vars.o)
 .debug_aranges
                0x00000000000000a8       0x20 ../project_bsp/\libhal_bsp.a(alt_load.o)
 .debug_aranges
                0x00000000000000c8       0x20 ../project_bsp/\libhal_bsp.a(alt_main.o)
 .debug_aranges
                0x00000000000000e8       0x20 ../project_bsp/\libhal_bsp.a(alt_printf.o)
 .debug_aranges
                0x0000000000000108       0x20 ../project_bsp/\libhal_bsp.a(alt_putchar.o)
 .debug_aranges
                0x0000000000000128       0x20 ../project_bsp/\libhal_bsp.a(alt_sys_init.o)
 .debug_aranges
                0x0000000000000148       0x20 ../project_bsp/\libhal_bsp.a(altera_avalon_jtag_uart_write.o)
 .debug_aranges
                0x0000000000000168       0x20 ../project_bsp/\libhal_bsp.a(altera_up_avalon_accelerometer_spi.o)
 .debug_aranges
                0x0000000000000188       0x20 ../project_bsp/\libhal_bsp.a(alt_dcache_flush_all.o)
 .debug_aranges
                0x00000000000001a8       0x20 ../project_bsp/\libhal_bsp.a(alt_dev.o)
 .debug_aranges
                0x00000000000001c8       0x20 ../project_bsp/\libhal_bsp.a(alt_dev_llist_insert.o)
 .debug_aranges
                0x00000000000001e8       0x18 ../project_bsp/\libhal_bsp.a(alt_errno.o)
 .debug_aranges
                0x0000000000000200       0x20 ../project_bsp/\libhal_bsp.a(alt_find_dev.o)
 .debug_aranges
                0x0000000000000220       0x20 ../project_bsp/\libhal_bsp.a(alt_icache_flush_all.o)
 .debug_aranges
                0x0000000000000240       0x30 ../project_bsp/\libhal_bsp.a(alt_irq_entry.o)
 .debug_aranges
                0x0000000000000270       0x20 ../project_bsp/\libhal_bsp.a(alt_irq_handler.o)
 .debug_aranges
                0x0000000000000290       0x20 ../project_bsp/\libhal_bsp.a(altera_nios2_gen2_irq.o)
 .debug_aranges
                0x00000000000002b0       0x38 ../project_bsp/\libhal_bsp.a(alt_exception_entry.o)
 .debug_aranges
                0x00000000000002e8       0x28 ../project_bsp/\libhal_bsp.a(alt_instruction_exception_entry.o)
 .debug_aranges
                0x0000000000000310       0x18 c:/intelfpga_lite/18.1/nios2eds/bin/gnu/h-x86_64-mingw32/bin/../lib/gcc/nios2-elf/5.3.0/../../../../../H-x86_64-mingw32/nios2-elf/lib/mno-hw-mul\libsmallc.a(lib_a-int_errno.o)
 .debug_aranges
                0x0000000000000328       0x20 c:/intelfpga_lite/18.1/nios2eds/bin/gnu/h-x86_64-mingw32/bin/../lib/gcc/nios2-elf/5.3.0/../../../../../H-x86_64-mingw32/nios2-elf/lib/mno-hw-mul\libsmallc.a(lib_a-memcmp.o)
 .debug_aranges
                0x0000000000000348       0x20 c:/intelfpga_lite/18.1/nios2eds/bin/gnu/h-x86_64-mingw32/bin/../lib/gcc/nios2-elf/5.3.0/../../../../../H-x86_64-mingw32/nios2-elf/lib/mno-hw-mul\libsmallc.a(lib_a-strlen.o)

.debug_pubnames
 *(.debug_pubnames)

.debug_info     0x0000000000000000     0x2f79
 *(.debug_info .gnu.linkonce.wi.*)
 .debug_info    0x0000000000000000       0x5b ../project_bsp//obj/HAL/src/crt0.o
 .debug_info    0x000000000000005b      0x5c4 obj/default/project.o
 .debug_info    0x000000000000061f      0x2c6 c:/intelfpga_lite/18.1/nios2eds/bin/gnu/h-x86_64-mingw32/bin/../lib/gcc/nios2-elf/5.3.0/mno-hw-mul\libgcc.a(lib2-divmod.o)
 .debug_info    0x00000000000008e5      0x30d ../project_bsp/\libhal_bsp.a(alt_irq_register.o)
 .debug_info    0x0000000000000bf2       0x88 ../project_bsp/\libhal_bsp.a(alt_irq_vars.o)
 .debug_info    0x0000000000000c7a      0x1c9 ../project_bsp/\libhal_bsp.a(alt_load.o)
 .debug_info    0x0000000000000e43      0x18f ../project_bsp/\libhal_bsp.a(alt_main.o)
 .debug_info    0x0000000000000fd2      0x14d ../project_bsp/\libhal_bsp.a(alt_printf.o)
 .debug_info    0x000000000000111f      0x12a ../project_bsp/\libhal_bsp.a(alt_putchar.o)
 .debug_info    0x0000000000001249      0x459 ../project_bsp/\libhal_bsp.a(alt_sys_init.o)
 .debug_info    0x00000000000016a2      0x1ad ../project_bsp/\libhal_bsp.a(altera_avalon_jtag_uart_write.o)
 .debug_info    0x000000000000184f      0x479 ../project_bsp/\libhal_bsp.a(altera_up_avalon_accelerometer_spi.o)
 .debug_info    0x0000000000001cc8       0x92 ../project_bsp/\libhal_bsp.a(alt_dcache_flush_all.o)
 .debug_info    0x0000000000001d5a      0x499 ../project_bsp/\libhal_bsp.a(alt_dev.o)
 .debug_info    0x00000000000021f3      0x1b3 ../project_bsp/\libhal_bsp.a(alt_dev_llist_insert.o)
 .debug_info    0x00000000000023a6       0xa6 ../project_bsp/\libhal_bsp.a(alt_errno.o)
 .debug_info    0x000000000000244c      0x32d ../project_bsp/\libhal_bsp.a(alt_find_dev.o)
 .debug_info    0x0000000000002779       0x92 ../project_bsp/\libhal_bsp.a(alt_icache_flush_all.o)
 .debug_info    0x000000000000280b       0x64 ../project_bsp/\libhal_bsp.a(alt_irq_entry.o)
 .debug_info    0x000000000000286f      0x1a4 ../project_bsp/\libhal_bsp.a(alt_irq_handler.o)
 .debug_info    0x0000000000002a13       0xb8 ../project_bsp/\libhal_bsp.a(altera_nios2_gen2_irq.o)
 .debug_info    0x0000000000002acb       0x6a ../project_bsp/\libhal_bsp.a(alt_exception_entry.o)
 .debug_info    0x0000000000002b35      0x1fd ../project_bsp/\libhal_bsp.a(alt_instruction_exception_entry.o)
 .debug_info    0x0000000000002d32       0x8a c:/intelfpga_lite/18.1/nios2eds/bin/gnu/h-x86_64-mingw32/bin/../lib/gcc/nios2-elf/5.3.0/../../../../../H-x86_64-mingw32/nios2-elf/lib/mno-hw-mul\libsmallc.a(lib_a-int_errno.o)
 .debug_info    0x0000000000002dbc       0xf4 c:/intelfpga_lite/18.1/nios2eds/bin/gnu/h-x86_64-mingw32/bin/../lib/gcc/nios2-elf/5.3.0/../../../../../H-x86_64-mingw32/nios2-elf/lib/mno-hw-mul\libsmallc.a(lib_a-memcmp.o)
 .debug_info    0x0000000000002eb0       0xc9 c:/intelfpga_lite/18.1/nios2eds/bin/gnu/h-x86_64-mingw32/bin/../lib/gcc/nios2-elf/5.3.0/../../../../../H-x86_64-mingw32/nios2-elf/lib/mno-hw-mul\libsmallc.a(lib_a-strlen.o)

.debug_abbrev   0x0000000000000000     0x1401
 *(.debug_abbrev)
 .debug_abbrev  0x0000000000000000       0x12 ../project_bsp//obj/HAL/src/crt0.o
 .debug_abbrev  0x0000000000000012      0x21e obj/default/project.o
 .debug_abbrev  0x0000000000000230      0x10e c:/intelfpga_lite/18.1/nios2eds/bin/gnu/h-x86_64-mingw32/bin/../lib/gcc/nios2-elf/5.3.0/mno-hw-mul\libgcc.a(lib2-divmod.o)
 .debug_abbrev  0x000000000000033e      0x1a5 ../project_bsp/\libhal_bsp.a(alt_irq_register.o)
 .debug_abbrev  0x00000000000004e3       0x40 ../project_bsp/\libhal_bsp.a(alt_irq_vars.o)
 .debug_abbrev  0x0000000000000523       0xd8 ../project_bsp/\libhal_bsp.a(alt_load.o)
 .debug_abbrev  0x00000000000005fb       0xf5 ../project_bsp/\libhal_bsp.a(alt_main.o)
 .debug_abbrev  0x00000000000006f0       0xd5 ../project_bsp/\libhal_bsp.a(alt_printf.o)
 .debug_abbrev  0x00000000000007c5       0xd2 ../project_bsp/\libhal_bsp.a(alt_putchar.o)
 .debug_abbrev  0x0000000000000897      0x1a5 ../project_bsp/\libhal_bsp.a(alt_sys_init.o)
 .debug_abbrev  0x0000000000000a3c       0xd5 ../project_bsp/\libhal_bsp.a(altera_avalon_jtag_uart_write.o)
 .debug_abbrev  0x0000000000000b11      0x119 ../project_bsp/\libhal_bsp.a(altera_up_avalon_accelerometer_spi.o)
 .debug_abbrev  0x0000000000000c2a       0x42 ../project_bsp/\libhal_bsp.a(alt_dcache_flush_all.o)
 .debug_abbrev  0x0000000000000c6c       0xd9 ../project_bsp/\libhal_bsp.a(alt_dev.o)
 .debug_abbrev  0x0000000000000d45      0x11c ../project_bsp/\libhal_bsp.a(alt_dev_llist_insert.o)
 .debug_abbrev  0x0000000000000e61       0x5a ../project_bsp/\libhal_bsp.a(alt_errno.o)
 .debug_abbrev  0x0000000000000ebb      0x125 ../project_bsp/\libhal_bsp.a(alt_find_dev.o)
 .debug_abbrev  0x0000000000000fe0       0x42 ../project_bsp/\libhal_bsp.a(alt_icache_flush_all.o)
 .debug_abbrev  0x0000000000001022       0x12 ../project_bsp/\libhal_bsp.a(alt_irq_entry.o)
 .debug_abbrev  0x0000000000001034      0x138 ../project_bsp/\libhal_bsp.a(alt_irq_handler.o)
 .debug_abbrev  0x000000000000116c       0x67 ../project_bsp/\libhal_bsp.a(altera_nios2_gen2_irq.o)
 .debug_abbrev  0x00000000000011d3       0x12 ../project_bsp/\libhal_bsp.a(alt_exception_entry.o)
 .debug_abbrev  0x00000000000011e5       0xe7 ../project_bsp/\libhal_bsp.a(alt_instruction_exception_entry.o)
 .debug_abbrev  0x00000000000012cc       0x37 c:/intelfpga_lite/18.1/nios2eds/bin/gnu/h-x86_64-mingw32/bin/../lib/gcc/nios2-elf/5.3.0/../../../../../H-x86_64-mingw32/nios2-elf/lib/mno-hw-mul\libsmallc.a(lib_a-int_errno.o)
 .debug_abbrev  0x0000000000001303       0x7f c:/intelfpga_lite/18.1/nios2eds/bin/gnu/h-x86_64-mingw32/bin/../lib/gcc/nios2-elf/5.3.0/../../../../../H-x86_64-mingw32/nios2-elf/lib/mno-hw-mul\libsmallc.a(lib_a-memcmp.o)
 .debug_abbrev  0x0000000000001382       0x7f c:/intelfpga_lite/18.1/nios2eds/bin/gnu/h-x86_64-mingw32/bin/../lib/gcc/nios2-elf/5.3.0/../../../../../H-x86_64-mingw32/nios2-elf/lib/mno-hw-mul\libsmallc.a(lib_a-strlen.o)

.debug_line     0x0000000000000000     0x14d1
 *(.debug_line)
 .debug_line    0x0000000000000000       0x66 ../project_bsp//obj/HAL/src/crt0.o
 .debug_line    0x0000000000000066      0x179 obj/default/project.o
 .debug_line    0x00000000000001df      0x105 c:/intelfpga_lite/18.1/nios2eds/bin/gnu/h-x86_64-mingw32/bin/../lib/gcc/nios2-elf/5.3.0/mno-hw-mul\libgcc.a(lib2-divmod.o)
 .debug_line    0x00000000000002e4       0xed ../project_bsp/\libhal_bsp.a(alt_irq_register.o)
 .debug_line    0x00000000000003d1       0x50 ../project_bsp/\libhal_bsp.a(alt_irq_vars.o)
 .debug_line    0x0000000000000421       0xa4 ../project_bsp/\libhal_bsp.a(alt_load.o)
 .debug_line    0x00000000000004c5       0xea ../project_bsp/\libhal_bsp.a(alt_main.o)
 .debug_line    0x00000000000005af      0x112 ../project_bsp/\libhal_bsp.a(alt_printf.o)
 .debug_line    0x00000000000006c1       0x55 ../project_bsp/\libhal_bsp.a(alt_putchar.o)
 .debug_line    0x0000000000000716      0x178 ../project_bsp/\libhal_bsp.a(alt_sys_init.o)
 .debug_line    0x000000000000088e      0x104 ../project_bsp/\libhal_bsp.a(altera_avalon_jtag_uart_write.o)
 .debug_line    0x0000000000000992      0x131 ../project_bsp/\libhal_bsp.a(altera_up_avalon_accelerometer_spi.o)
 .debug_line    0x0000000000000ac3       0x4e ../project_bsp/\libhal_bsp.a(alt_dcache_flush_all.o)
 .debug_line    0x0000000000000b11       0xf6 ../project_bsp/\libhal_bsp.a(alt_dev.o)
 .debug_line    0x0000000000000c07       0xd8 ../project_bsp/\libhal_bsp.a(alt_dev_llist_insert.o)
 .debug_line    0x0000000000000cdf       0x51 ../project_bsp/\libhal_bsp.a(alt_errno.o)
 .debug_line    0x0000000000000d30      0x107 ../project_bsp/\libhal_bsp.a(alt_find_dev.o)
 .debug_line    0x0000000000000e37       0x4e ../project_bsp/\libhal_bsp.a(alt_icache_flush_all.o)
 .debug_line    0x0000000000000e85       0x6b ../project_bsp/\libhal_bsp.a(alt_irq_entry.o)
 .debug_line    0x0000000000000ef0       0xc8 ../project_bsp/\libhal_bsp.a(alt_irq_handler.o)
 .debug_line    0x0000000000000fb8       0x8c ../project_bsp/\libhal_bsp.a(altera_nios2_gen2_irq.o)
 .debug_line    0x0000000000001044       0xb3 ../project_bsp/\libhal_bsp.a(alt_exception_entry.o)
 .debug_line    0x00000000000010f7       0xbf ../project_bsp/\libhal_bsp.a(alt_instruction_exception_entry.o)
 .debug_line    0x00000000000011b6       0x5f c:/intelfpga_lite/18.1/nios2eds/bin/gnu/h-x86_64-mingw32/bin/../lib/gcc/nios2-elf/5.3.0/../../../../../H-x86_64-mingw32/nios2-elf/lib/mno-hw-mul\libsmallc.a(lib_a-int_errno.o)
 .debug_line    0x0000000000001215      0x160 c:/intelfpga_lite/18.1/nios2eds/bin/gnu/h-x86_64-mingw32/bin/../lib/gcc/nios2-elf/5.3.0/../../../../../H-x86_64-mingw32/nios2-elf/lib/mno-hw-mul\libsmallc.a(lib_a-memcmp.o)
 .debug_line    0x0000000000001375      0x15c c:/intelfpga_lite/18.1/nios2eds/bin/gnu/h-x86_64-mingw32/bin/../lib/gcc/nios2-elf/5.3.0/../../../../../H-x86_64-mingw32/nios2-elf/lib/mno-hw-mul\libsmallc.a(lib_a-strlen.o)

.debug_frame    0x0000000000000000      0x448
 *(.debug_frame)
 .debug_frame   0x0000000000000000       0x90 obj/default/project.o
 .debug_frame   0x0000000000000090       0x50 c:/intelfpga_lite/18.1/nios2eds/bin/gnu/h-x86_64-mingw32/bin/../lib/gcc/nios2-elf/5.3.0/mno-hw-mul\libgcc.a(lib2-divmod.o)
 .debug_frame   0x00000000000000e0       0x20 ../project_bsp/\libhal_bsp.a(alt_irq_register.o)
 .debug_frame   0x0000000000000100       0x30 ../project_bsp/\libhal_bsp.a(alt_load.o)
 .debug_frame   0x0000000000000130       0x2c ../project_bsp/\libhal_bsp.a(alt_main.o)
 .debug_frame   0x000000000000015c       0x54 ../project_bsp/\libhal_bsp.a(alt_printf.o)
 .debug_frame   0x00000000000001b0       0x30 ../project_bsp/\libhal_bsp.a(alt_putchar.o)
 .debug_frame   0x00000000000001e0       0x3c ../project_bsp/\libhal_bsp.a(alt_sys_init.o)
 .debug_frame   0x000000000000021c       0x20 ../project_bsp/\libhal_bsp.a(altera_avalon_jtag_uart_write.o)
 .debug_frame   0x000000000000023c       0x80 ../project_bsp/\libhal_bsp.a(altera_up_avalon_accelerometer_spi.o)
 .debug_frame   0x00000000000002bc       0x20 ../project_bsp/\libhal_bsp.a(alt_dcache_flush_all.o)
 .debug_frame   0x00000000000002dc       0x20 ../project_bsp/\libhal_bsp.a(alt_dev.o)
 .debug_frame   0x00000000000002fc       0x2c ../project_bsp/\libhal_bsp.a(alt_dev_llist_insert.o)
 .debug_frame   0x0000000000000328       0x3c ../project_bsp/\libhal_bsp.a(alt_find_dev.o)
 .debug_frame   0x0000000000000364       0x20 ../project_bsp/\libhal_bsp.a(alt_icache_flush_all.o)
 .debug_frame   0x0000000000000384       0x34 ../project_bsp/\libhal_bsp.a(alt_irq_handler.o)
 .debug_frame   0x00000000000003b8       0x20 ../project_bsp/\libhal_bsp.a(altera_nios2_gen2_irq.o)
 .debug_frame   0x00000000000003d8       0x30 ../project_bsp/\libhal_bsp.a(alt_instruction_exception_entry.o)
 .debug_frame   0x0000000000000408       0x20 c:/intelfpga_lite/18.1/nios2eds/bin/gnu/h-x86_64-mingw32/bin/../lib/gcc/nios2-elf/5.3.0/../../../../../H-x86_64-mingw32/nios2-elf/lib/mno-hw-mul\libsmallc.a(lib_a-memcmp.o)
 .debug_frame   0x0000000000000428       0x20 c:/intelfpga_lite/18.1/nios2eds/bin/gnu/h-x86_64-mingw32/bin/../lib/gcc/nios2-elf/5.3.0/../../../../../H-x86_64-mingw32/nios2-elf/lib/mno-hw-mul\libsmallc.a(lib_a-strlen.o)

.debug_str      0x0000000000000000     0x125d
 *(.debug_str)
 .debug_str     0x0000000000000000      0x2b6 obj/default/project.o
                                        0x30f (size before relaxing)
 .debug_str     0x00000000000002b6      0x187 c:/intelfpga_lite/18.1/nios2eds/bin/gnu/h-x86_64-mingw32/bin/../lib/gcc/nios2-elf/5.3.0/mno-hw-mul\libgcc.a(lib2-divmod.o)
                                        0x1d2 (size before relaxing)
 .debug_str     0x000000000000043d       0xc4 ../project_bsp/\libhal_bsp.a(alt_irq_register.o)
                                        0x1f5 (size before relaxing)
 .debug_str     0x0000000000000501       0x17 ../project_bsp/\libhal_bsp.a(alt_irq_vars.o)
                                        0x127 (size before relaxing)
 .debug_str     0x0000000000000518      0x113 ../project_bsp/\libhal_bsp.a(alt_load.o)
                                        0x229 (size before relaxing)
 .debug_str     0x000000000000062b       0x5e ../project_bsp/\libhal_bsp.a(alt_main.o)
                                        0x1cb (size before relaxing)
 .debug_str     0x0000000000000689       0x59 ../project_bsp/\libhal_bsp.a(alt_printf.o)
                                         0xf3 (size before relaxing)
 .debug_str     0x00000000000006e2       0x5e ../project_bsp/\libhal_bsp.a(alt_putchar.o)
                                        0x178 (size before relaxing)
 .debug_str     0x0000000000000740       0xfa ../project_bsp/\libhal_bsp.a(alt_sys_init.o)
                                        0x337 (size before relaxing)
 .debug_str     0x000000000000083a       0x32 ../project_bsp/\libhal_bsp.a(altera_avalon_jtag_uart_write.o)
                                        0x223 (size before relaxing)
 .debug_str     0x000000000000086c       0xde ../project_bsp/\libhal_bsp.a(altera_up_avalon_accelerometer_spi.o)
                                        0x33b (size before relaxing)
 .debug_str     0x000000000000094a       0x1f ../project_bsp/\libhal_bsp.a(alt_dcache_flush_all.o)
                                        0x142 (size before relaxing)
 .debug_str     0x0000000000000969      0x125 ../project_bsp/\libhal_bsp.a(alt_dev.o)
                                        0x2f2 (size before relaxing)
 .debug_str     0x0000000000000a8e       0x48 ../project_bsp/\libhal_bsp.a(alt_dev_llist_insert.o)
                                        0x1b9 (size before relaxing)
 .debug_str     0x0000000000000ad6       0x14 ../project_bsp/\libhal_bsp.a(alt_errno.o)
                                        0x132 (size before relaxing)
 .debug_str     0x0000000000000aea       0x25 ../project_bsp/\libhal_bsp.a(alt_find_dev.o)
                                        0x1e7 (size before relaxing)
 .debug_str     0x0000000000000b0f       0x1f ../project_bsp/\libhal_bsp.a(alt_icache_flush_all.o)
                                        0x142 (size before relaxing)
 .debug_str     0x0000000000000b2e       0x3a ../project_bsp/\libhal_bsp.a(alt_irq_handler.o)
                                        0x1a5 (size before relaxing)
 .debug_str     0x0000000000000b68       0x20 ../project_bsp/\libhal_bsp.a(altera_nios2_gen2_irq.o)
                                        0x172 (size before relaxing)
 .debug_str     0x0000000000000b88      0x48b ../project_bsp/\libhal_bsp.a(alt_instruction_exception_entry.o)
                                        0x58d (size before relaxing)
 .debug_str     0x0000000000001013      0x134 c:/intelfpga_lite/18.1/nios2eds/bin/gnu/h-x86_64-mingw32/bin/../lib/gcc/nios2-elf/5.3.0/../../../../../H-x86_64-mingw32/nios2-elf/lib/mno-hw-mul\libsmallc.a(lib_a-int_errno.o)
                                        0x1d8 (size before relaxing)
 .debug_str     0x0000000000001147       0xd9 c:/intelfpga_lite/18.1/nios2eds/bin/gnu/h-x86_64-mingw32/bin/../lib/gcc/nios2-elf/5.3.0/../../../../../H-x86_64-mingw32/nios2-elf/lib/mno-hw-mul\libsmallc.a(lib_a-memcmp.o)
                                        0x1df (size before relaxing)
 .debug_str     0x0000000000001220       0x3d c:/intelfpga_lite/18.1/nios2eds/bin/gnu/h-x86_64-mingw32/bin/../lib/gcc/nios2-elf/5.3.0/../../../../../H-x86_64-mingw32/nios2-elf/lib/mno-hw-mul\libsmallc.a(lib_a-strlen.o)
                                        0x1e5 (size before relaxing)

.debug_loc      0x0000000000000000      0xcd2
 *(.debug_loc)
 .debug_loc     0x0000000000000000      0x16c obj/default/project.o
 .debug_loc     0x000000000000016c      0x4ce c:/intelfpga_lite/18.1/nios2eds/bin/gnu/h-x86_64-mingw32/bin/../lib/gcc/nios2-elf/5.3.0/mno-hw-mul\libgcc.a(lib2-divmod.o)
 .debug_loc     0x000000000000063a       0xfa ../project_bsp/\libhal_bsp.a(alt_irq_register.o)
 .debug_loc     0x0000000000000734      0x1de ../project_bsp/\libhal_bsp.a(alt_printf.o)
 .debug_loc     0x0000000000000912       0x2c ../project_bsp/\libhal_bsp.a(alt_putchar.o)
 .debug_loc     0x000000000000093e       0x21 ../project_bsp/\libhal_bsp.a(alt_sys_init.o)
 .debug_loc     0x000000000000095f       0x8b ../project_bsp/\libhal_bsp.a(altera_avalon_jtag_uart_write.o)
 .debug_loc     0x00000000000009ea       0x63 ../project_bsp/\libhal_bsp.a(altera_up_avalon_accelerometer_spi.o)
 .debug_loc     0x0000000000000a4d       0x7e ../project_bsp/\libhal_bsp.a(alt_dev_llist_insert.o)
 .debug_loc     0x0000000000000acb       0x7e ../project_bsp/\libhal_bsp.a(alt_find_dev.o)
 .debug_loc     0x0000000000000b49       0x72 ../project_bsp/\libhal_bsp.a(alt_irq_handler.o)
 .debug_loc     0x0000000000000bbb       0x65 ../project_bsp/\libhal_bsp.a(alt_instruction_exception_entry.o)
 .debug_loc     0x0000000000000c20       0x94 c:/intelfpga_lite/18.1/nios2eds/bin/gnu/h-x86_64-mingw32/bin/../lib/gcc/nios2-elf/5.3.0/../../../../../H-x86_64-mingw32/nios2-elf/lib/mno-hw-mul\libsmallc.a(lib_a-memcmp.o)
 .debug_loc     0x0000000000000cb4       0x1e c:/intelfpga_lite/18.1/nios2eds/bin/gnu/h-x86_64-mingw32/bin/../lib/gcc/nios2-elf/5.3.0/../../../../../H-x86_64-mingw32/nios2-elf/lib/mno-hw-mul\libsmallc.a(lib_a-strlen.o)

.debug_macinfo
 *(.debug_macinfo)

.debug_weaknames
 *(.debug_weaknames)

.debug_funcnames
 *(.debug_funcnames)

.debug_typenames
 *(.debug_typenames)

.debug_varnames
 *(.debug_varnames)

.debug_alt_sim_info
                0x0000000000000000       0x10
 *(.debug_alt_sim_info)
 .debug_alt_sim_info
                0x0000000000000000       0x10 ../project_bsp//obj/HAL/src/crt0.o
                0x0000000000020000                __alt_data_end = 0x20000
                0x0000000000020000                PROVIDE (__alt_stack_pointer, __alt_data_end)
                [!provide]                        PROVIDE (__alt_stack_limit, __alt_stack_base)
                [!provide]                        PROVIDE (__alt_heap_start, end)
                [!provide]                        PROVIDE (__alt_heap_limit, 0x20000)
OUTPUT(project.elf elf32-littlenios2)

.debug_ranges   0x0000000000000000      0x1d0
 .debug_ranges  0x0000000000000000       0x20 ../project_bsp//obj/HAL/src/crt0.o
 .debug_ranges  0x0000000000000020       0x18 obj/default/project.o
 .debug_ranges  0x0000000000000038       0x60 c:/intelfpga_lite/18.1/nios2eds/bin/gnu/h-x86_64-mingw32/bin/../lib/gcc/nios2-elf/5.3.0/mno-hw-mul\libgcc.a(lib2-divmod.o)
 .debug_ranges  0x0000000000000098       0x48 ../project_bsp/\libhal_bsp.a(alt_load.o)
 .debug_ranges  0x00000000000000e0       0x18 ../project_bsp/\libhal_bsp.a(alt_printf.o)
 .debug_ranges  0x00000000000000f8       0x18 ../project_bsp/\libhal_bsp.a(alt_sys_init.o)
 .debug_ranges  0x0000000000000110       0x20 ../project_bsp/\libhal_bsp.a(alt_dev_llist_insert.o)
 .debug_ranges  0x0000000000000130       0x28 ../project_bsp/\libhal_bsp.a(alt_irq_entry.o)
 .debug_ranges  0x0000000000000158       0x10 ../project_bsp/\libhal_bsp.a(alt_irq_handler.o)
 .debug_ranges  0x0000000000000168       0x30 ../project_bsp/\libhal_bsp.a(alt_exception_entry.o)
 .debug_ranges  0x0000000000000198       0x18 ../project_bsp/\libhal_bsp.a(alt_instruction_exception_entry.o)
 .debug_ranges  0x00000000000001b0       0x10 c:/intelfpga_lite/18.1/nios2eds/bin/gnu/h-x86_64-mingw32/bin/../lib/gcc/nios2-elf/5.3.0/../../../../../H-x86_64-mingw32/nios2-elf/lib/mno-hw-mul\libsmallc.a(lib_a-memcmp.o)
 .debug_ranges  0x00000000000001c0       0x10 c:/intelfpga_lite/18.1/nios2eds/bin/gnu/h-x86_64-mingw32/bin/../lib/gcc/nios2-elf/5.3.0/../../../../../H-x86_64-mingw32/nios2-elf/lib/mno-hw-mul\libsmallc.a(lib_a-strlen.o)
